interactions:
- request:
    body: answer_01=default+answer+1&answer_02=default+answer+2&title=good+text&id=&name=FEZYZFDVPP
    headers:
      Accept: ['*/*']
      Accept-Encoding: ['gzip, deflate']
      Connection: [keep-alive]
      Content-Length: ['179']
      Content-Type: [application/x-www-form-urlencoded]
      User-Agent: [python-requests/2.9.1]
    method: POST
    uri: https://onion.sodahead.com/api/polls/
  response:
    body: {string: !!python/unicode '{"vote": null, "poll": {"endDate": null, "demo":
        {}, "image": null, "video": null, "numComments": 0, "category": {"url": "http:\/\/www.sodahead.com\/entertainment\/",
        "id": 5, "title": "Entertainment"}, "title": "good text", "range": {}, "id":
        4859672, "closed": false, "hideResults": false, "description": "", "tags":
        [], "answers": [{"title": "default answer 1", "color": null, "image": null,
        "video": null, "meta_text": null, "totalVotes": 0, "percentage": 0, "id":
        12066676}, {"title": "default answer 2", "color": null, "image": null, "video":
        null, "meta_text": null, "totalVotes": 0, "percentage": 0, "id": 12066678}],
        "slider": null, "sponsored": false, "modifiedDate": null, "creationDate":
        "2016-01-18 20:54:49", "geo": {}, "name": "FEZYZFDVPP", "url": "http:\/\/www.sodahead.com\/entertainment\/good-text\/question-4859672\/",
        "author": {"url": "http:\/\/www.sodahead.com\/user\/profile\/4172828\/test\/",
        "nickName": "TEST", "id": 4172828, "avatar": "http:\/\/images.sodahead.com\/profiles\/000000001\/profiles_1202SHAvatarFred_1028_226520_small.jpeg"},
        "hideResults_content": "", "editDate": null, "activationDate": "2016-01-18
        20:54:49", "totalVotes": 0}}'}
    headers:
      access-control-allow-headers: ['Authorization,Content-Type']
      access-control-allow-methods: ['POST, GET, PUT, DELETE, HEAD, OPTIONS']
      access-control-allow-origin: ['*']
      cache-control: ['no-cache, private, max-age=0']
      connection: [keep-alive]
      content-length: ['1169']
      content-type: [application/json; charset=utf-8]
      date: ['Mon, 18 Jan 2016 20:54:50 GMT']
      etag: ['"a6748c8510826b0b067220e97495a9e3"']
      pragma: [no-cache]
      server: [openresty/1.5.8.1]
      set-cookie: ['demo="6941fb8484874663bf28ce8338df72595ae08811:{\"_city_region\":
          \"Frankfort\054NY\"\054 \"bf\": 0\054 \"dma\": 526}"; Domain=onion.sodahead.com;
          expires=Tue, 17-Jan-2017 20:54:50 GMT; Max-Age=31536000; Path=/', 'anonymousUserId="dda70eef99c92832d05889c93c48242e5ba00cd5:";
          Domain=onion.sodahead.com; expires=Thu, 01-Jan-1970 00:00:00 GMT; Max-Age=0;
          Path=/', 'session="d751580928f9b48c059f91a75a650e3692d0cb28:{\"country\":
          \"US\"\054 \"state\": \"NY\"\054 \"postal_code\": \"13340\"}"; Domain=onion.sodahead.com;
          Path=/; secure', '_crmUserId="f64eed1b50bc4a7841af95a4c41cf246349b1151:78";
          Domain=onion.sodahead.com; Path=/']
    status: {code: 200, message: OK}
- request:
    body: answer_01=hello&answer_02=default+answer+2&title=good+text&id=4859672&name=FEZYZFDVPP
    headers:
      Accept: ['*/*']
      Accept-Encoding: ['gzip, deflate']
      Connection: [keep-alive]
      Content-Length: ['175']
      Content-Type: [application/x-www-form-urlencoded]
      User-Agent: [python-requests/2.9.1]
    method: POST
    uri: https://onion.sodahead.com/api/polls/4859672/
  response:
    body: {string: !!python/unicode '{"vote": null, "poll": {"endDate": null, "demo":
        {}, "image": null, "video": null, "numComments": 0, "category": {"url": "http:\/\/www.sodahead.com\/entertainment\/",
        "id": 5, "title": "Entertainment"}, "title": "good text", "range": {}, "id":
        4859672, "closed": false, "hideResults": false, "description": "", "tags":
        [], "answers": [{"title": "hello", "color": null, "image": null, "video":
        null, "meta_text": null, "totalVotes": 0, "percentage": 0, "id": 12066676},
        {"title": "default answer 2", "color": null, "image": null, "video": null,
        "meta_text": null, "totalVotes": 0, "percentage": 0, "id": 12066678}], "slider":
        null, "sponsored": false, "modifiedDate": "2016-01-18 20:54:50.462030", "creationDate":
        "2016-01-18 20:54:49", "geo": {}, "name": "FEZYZFDVPP", "url": "http:\/\/www.sodahead.com\/entertainment\/good-text\/question-4859672\/",
        "author": {"url": "http:\/\/www.sodahead.com\/user\/profile\/4172828\/test\/",
        "nickName": "TEST", "id": 4172828, "avatar": "http:\/\/images.sodahead.com\/profiles\/000000001\/profiles_1202SHAvatarFred_1028_226520_small.jpeg"},
        "hideResults_content": "", "editDate": "2016-01-18 20:54:50.462030", "activationDate":
        "2016-01-18 20:54:00", "totalVotes": 0}}'}
    headers:
      access-control-allow-headers: ['Authorization,Content-Type']
      access-control-allow-methods: ['POST, GET, PUT, DELETE, HEAD, OPTIONS']
      access-control-allow-origin: ['*']
      cache-control: ['no-cache, private, max-age=0']
      connection: [keep-alive]
      content-length: ['1206']
      content-type: [application/json; charset=utf-8]
      date: ['Mon, 18 Jan 2016 20:54:50 GMT']
      etag: ['"900c254329466f0e3703a999604ed058"']
      pragma: [no-cache]
      server: [openresty/1.5.8.1]
      set-cookie: ['demo="6941fb8484874663bf28ce8338df72595ae08811:{\"_city_region\":
          \"Frankfort\054NY\"\054 \"bf\": 0\054 \"dma\": 526}"; Domain=onion.sodahead.com;
          expires=Tue, 17-Jan-2017 20:54:50 GMT; Max-Age=31536000; Path=/', 'anonymousUserId="dda70eef99c92832d05889c93c48242e5ba00cd5:";
          Domain=onion.sodahead.com; expires=Thu, 01-Jan-1970 00:00:00 GMT; Max-Age=0;
          Path=/', 'session="d751580928f9b48c059f91a75a650e3692d0cb28:{\"country\":
          \"US\"\054 \"state\": \"NY\"\054 \"postal_code\": \"13340\"}"; Domain=onion.sodahead.com;
          Path=/; secure', '_crmUserId="f64eed1b50bc4a7841af95a4c41cf246349b1151:78";
          Domain=onion.sodahead.com; Path=/']
    status: {code: 200, message: OK}
- request:
    body: answer_01=hello&answer_02=default+answer+2&title=good+text&id=4859672&name=FEZYZFDVPP
    headers:
      Accept: ['*/*']
      Accept-Encoding: ['gzip, deflate']
      Connection: [keep-alive]
      Content-Length: ['175']
      Content-Type: [application/x-www-form-urlencoded]
      User-Agent: [python-requests/2.9.1]
    method: POST
    uri: https://onion.sodahead.com/api/polls/4859672/
  response:
    body: {string: !!python/unicode '{"vote": null, "poll": {"endDate": null, "demo":
        {}, "image": null, "video": null, "numComments": 0, "category": {"url": "http:\/\/www.sodahead.com\/entertainment\/",
        "id": 5, "title": "Entertainment"}, "title": "good text", "range": {}, "id":
        4859672, "closed": false, "hideResults": false, "description": "", "tags":
        [], "answers": [{"title": "hello", "color": null, "image": null, "video":
        null, "meta_text": null, "totalVotes": 0, "percentage": 0, "id": 12066676},
        {"title": "default answer 2", "color": null, "image": null, "video": null,
        "meta_text": null, "totalVotes": 0, "percentage": 0, "id": 12066678}], "slider":
        null, "sponsored": false, "modifiedDate": "2016-01-18 20:54:50", "creationDate":
        "2016-01-18 20:54:49", "geo": {}, "name": "FEZYZFDVPP", "url": "http:\/\/www.sodahead.com\/entertainment\/good-text\/question-4859672\/",
        "author": {"url": "http:\/\/www.sodahead.com\/user\/profile\/4172828\/test\/",
        "nickName": "TEST", "id": 4172828, "avatar": "http:\/\/images.sodahead.com\/profiles\/000000001\/profiles_1202SHAvatarFred_1028_226520_small.jpeg"},
        "hideResults_content": "", "editDate": "2016-01-18 20:54:50", "activationDate":
        "2016-01-18 20:54:00", "totalVotes": 0}}'}
    headers:
      access-control-allow-headers: ['Authorization,Content-Type']
      access-control-allow-methods: ['POST, GET, PUT, DELETE, HEAD, OPTIONS']
      access-control-allow-origin: ['*']
      cache-control: ['no-cache, private, max-age=0']
      connection: [keep-alive]
      content-length: ['1192']
      content-type: [application/json; charset=utf-8]
      date: ['Mon, 18 Jan 2016 20:54:50 GMT']
      etag: ['"77069de9c19e9220b33ac6a285ca5be6"']
      pragma: [no-cache]
      server: [openresty/1.5.8.1]
      set-cookie: ['demo="6941fb8484874663bf28ce8338df72595ae08811:{\"_city_region\":
          \"Frankfort\054NY\"\054 \"bf\": 0\054 \"dma\": 526}"; Domain=onion.sodahead.com;
          expires=Tue, 17-Jan-2017 20:54:50 GMT; Max-Age=31536000; Path=/', 'anonymousUserId="dda70eef99c92832d05889c93c48242e5ba00cd5:";
          Domain=onion.sodahead.com; expires=Thu, 01-Jan-1970 00:00:00 GMT; Max-Age=0;
          Path=/', 'session="d751580928f9b48c059f91a75a650e3692d0cb28:{\"country\":
          \"US\"\054 \"state\": \"NY\"\054 \"postal_code\": \"13340\"}"; Domain=onion.sodahead.com;
          Path=/; secure', '_crmUserId="f64eed1b50bc4a7841af95a4c41cf246349b1151:78";
          Domain=onion.sodahead.com; Path=/']
    status: {code: 200, message: OK}
- request:
    body: answer_01=default+answer+1&answer_02=yawp%21&title=good+text&id=4859672&name=FEZYZFDVPP
    headers:
      Accept: ['*/*']
      Accept-Encoding: ['gzip, deflate']
      Connection: [keep-alive]
      Content-Length: ['177']
      Content-Type: [application/x-www-form-urlencoded]
      User-Agent: [python-requests/2.9.1]
    method: POST
    uri: https://onion.sodahead.com/api/polls/4859672/
  response:
    body: {string: !!python/unicode '{"vote": null, "poll": {"endDate": null, "demo":
        {}, "image": null, "video": null, "numComments": 0, "category": {"url": "http:\/\/www.sodahead.com\/entertainment\/",
        "id": 5, "title": "Entertainment"}, "title": "good text", "range": {}, "id":
        4859672, "closed": false, "hideResults": false, "description": "", "tags":
        [], "answers": [{"title": "default answer 1", "color": null, "image": null,
        "video": null, "meta_text": null, "totalVotes": 0, "percentage": 0, "id":
        12066676}, {"title": "yawp!", "color": null, "image": null, "video": null,
        "meta_text": null, "totalVotes": 0, "percentage": 0, "id": 12066678}], "slider":
        null, "sponsored": false, "modifiedDate": "2016-01-18 20:54:50", "creationDate":
        "2016-01-18 20:54:49", "geo": {}, "name": "FEZYZFDVPP", "url": "http:\/\/www.sodahead.com\/entertainment\/good-text\/question-4859672\/",
        "author": {"url": "http:\/\/www.sodahead.com\/user\/profile\/4172828\/test\/",
        "nickName": "TEST", "id": 4172828, "avatar": "http:\/\/images.sodahead.com\/profiles\/000000001\/profiles_1202SHAvatarFred_1028_226520_small.jpeg"},
        "hideResults_content": "", "editDate": "2016-01-18 20:54:50", "activationDate":
        "2016-01-18 20:54:00", "totalVotes": 0}}'}
    headers:
      access-control-allow-headers: ['Authorization,Content-Type']
      access-control-allow-methods: ['POST, GET, PUT, DELETE, HEAD, OPTIONS']
      access-control-allow-origin: ['*']
      cache-control: ['no-cache, private, max-age=0']
      connection: [keep-alive]
      content-length: ['1192']
      content-type: [application/json; charset=utf-8]
      date: ['Mon, 18 Jan 2016 20:54:51 GMT']
      etag: ['"279c3a8b6b2ed9240d850edca52f092b"']
      pragma: [no-cache]
      server: [openresty/1.5.8.1]
      set-cookie: ['demo="6941fb8484874663bf28ce8338df72595ae08811:{\"_city_region\":
          \"Frankfort\054NY\"\054 \"bf\": 0\054 \"dma\": 526}"; Domain=onion.sodahead.com;
          expires=Tue, 17-Jan-2017 20:54:51 GMT; Max-Age=31536000; Path=/', 'anonymousUserId="dda70eef99c92832d05889c93c48242e5ba00cd5:";
          Domain=onion.sodahead.com; expires=Thu, 01-Jan-1970 00:00:00 GMT; Max-Age=0;
          Path=/', 'session="d751580928f9b48c059f91a75a650e3692d0cb28:{\"country\":
          \"US\"\054 \"state\": \"NY\"\054 \"postal_code\": \"13340\"}"; Domain=onion.sodahead.com;
          Path=/; secure', '_crmUserId="f64eed1b50bc4a7841af95a4c41cf246349b1151:78";
          Domain=onion.sodahead.com; Path=/']
    status: {code: 200, message: OK}
- request:
    body: answer_01=default+answer+1&answer_02=yawp%21&title=good+text&id=4859672&name=FEZYZFDVPP
    headers:
      Accept: ['*/*']
      Accept-Encoding: ['gzip, deflate']
      Connection: [keep-alive]
      Content-Length: ['177']
      Content-Type: [application/x-www-form-urlencoded]
      User-Agent: [python-requests/2.9.1]
    method: POST
    uri: https://onion.sodahead.com/api/polls/4859672/
  response:
    body: {string: !!python/unicode '{"vote": null, "poll": {"endDate": null, "demo":
        {}, "image": null, "video": null, "numComments": 0, "category": {"url": "http:\/\/www.sodahead.com\/entertainment\/",
        "id": 5, "title": "Entertainment"}, "title": "good text", "range": {}, "id":
        4859672, "closed": false, "hideResults": false, "description": "", "tags":
        [], "answers": [{"title": "default answer 1", "color": null, "image": null,
        "video": null, "meta_text": null, "totalVotes": 0, "percentage": 0, "id":
        12066676}, {"title": "yawp!", "color": null, "image": null, "video": null,
        "meta_text": null, "totalVotes": 0, "percentage": 0, "id": 12066678}], "slider":
        null, "sponsored": false, "modifiedDate": "2016-01-18 20:54:50", "creationDate":
        "2016-01-18 20:54:49", "geo": {}, "name": "FEZYZFDVPP", "url": "http:\/\/www.sodahead.com\/entertainment\/good-text\/question-4859672\/",
        "author": {"url": "http:\/\/www.sodahead.com\/user\/profile\/4172828\/test\/",
        "nickName": "TEST", "id": 4172828, "avatar": "http:\/\/images.sodahead.com\/profiles\/000000001\/profiles_1202SHAvatarFred_1028_226520_small.jpeg"},
        "hideResults_content": "", "editDate": "2016-01-18 20:54:50", "activationDate":
        "2016-01-18 20:54:00", "totalVotes": 0}}'}
    headers:
      access-control-allow-headers: ['Authorization,Content-Type']
      access-control-allow-methods: ['POST, GET, PUT, DELETE, HEAD, OPTIONS']
      access-control-allow-origin: ['*']
      cache-control: ['no-cache, private, max-age=0']
      connection: [keep-alive]
      content-type: [application/json; charset=utf-8]
      date: ['Mon, 18 Jan 2016 20:54:51 GMT']
      etag: ['"279c3a8b6b2ed9240d850edca52f092b"']
      pragma: [no-cache]
      server: [openresty/1.5.8.1]
      set-cookie: ['demo="6941fb8484874663bf28ce8338df72595ae08811:{\"_city_region\":
          \"Frankfort\054NY\"\054 \"bf\": 0\054 \"dma\": 526}"; Domain=onion.sodahead.com;
          expires=Tue, 17-Jan-2017 20:54:51 GMT; Max-Age=31536000; Path=/', 'anonymousUserId="dda70eef99c92832d05889c93c48242e5ba00cd5:";
          Domain=onion.sodahead.com; expires=Thu, 01-Jan-1970 00:00:00 GMT; Max-Age=0;
          Path=/', 'session="d751580928f9b48c059f91a75a650e3692d0cb28:{\"country\":
          \"US\"\054 \"state\": \"NY\"\054 \"postal_code\": \"13340\"}"; Domain=onion.sodahead.com;
          Path=/; secure', '_crmUserId="f64eed1b50bc4a7841af95a4c41cf246349b1151:78";
          Domain=onion.sodahead.com; Path=/']
    status: {code: 200, message: OK}
version: 1
