interactions:
- request:
    body: answer_01=default+answer+1&answer_02=default+answer+2&title=collins+adventure&id=&name=OWWEJXTVFQ
    headers:
      Accept: ['*/*']
      Accept-Encoding: ['gzip, deflate']
      Connection: [keep-alive]
      Content-Length: ['187']
      Content-Type: [application/x-www-form-urlencoded]
      User-Agent: [python-requests/2.9.1]
    method: POST
    uri: https://onion.sodahead.com/api/polls/
  response:
    body: {string: !!python/unicode '{"vote": null, "poll": {"endDate": null, "demo":
        {}, "image": null, "video": null, "numComments": 0, "category": {"url": "http:\/\/www.sodahead.com\/entertainment\/",
        "id": 5, "title": "Entertainment"}, "title": "collins adventure", "range":
        {}, "id": 4860476, "closed": false, "hideResults": false, "description": "",
        "tags": [], "answers": [{"title": "default answer 1", "color": null, "image":
        null, "video": null, "meta_text": null, "totalVotes": 0, "percentage": 0,
        "id": 12069062}, {"title": "default answer 2", "color": null, "image": null,
        "video": null, "meta_text": null, "totalVotes": 0, "percentage": 0, "id":
        12069064}], "slider": null, "sponsored": false, "modifiedDate": null, "creationDate":
        "2016-02-02 20:06:05", "geo": {}, "name": "OWWEJXTVFQ", "url": "http:\/\/www.sodahead.com\/entertainment\/collins-adventure\/question-4860476\/",
        "author": {"url": "http:\/\/www.sodahead.com\/user\/profile\/4172828\/test\/",
        "nickName": "TEST", "id": 4172828, "avatar": "http:\/\/images.sodahead.com\/profiles\/000000001\/profiles_1202SHAvatarFred_1028_226520_small.jpeg"},
        "hideResults_content": "", "editDate": null, "activationDate": "2016-02-02
        20:06:05", "totalVotes": 0}}'}
    headers:
      access-control-allow-headers: ['Authorization,Content-Type']
      access-control-allow-methods: ['POST, GET, PUT, DELETE, HEAD, OPTIONS']
      access-control-allow-origin: ['*']
      cache-control: ['no-cache, private, max-age=0']
      connection: [keep-alive]
      content-type: [application/json; charset=utf-8]
      date: ['Tue, 02 Feb 2016 20:06:05 GMT']
      etag: ['"e3627b92e89d96ed89d60d0533ca2f4b"']
      pragma: [no-cache]
      server: [openresty/1.5.8.1]
      set-cookie: ['demo="6941fb8484874663bf28ce8338df72595ae08811:{\"_city_region\":
          \"Frankfort\054NY\"\054 \"bf\": 0\054 \"dma\": 526}"; Domain=onion.sodahead.com;
          expires=Wed, 01-Feb-2017 20:06:05 GMT; Max-Age=31536000; Path=/', 'anonymousUserId="dda70eef99c92832d05889c93c48242e5ba00cd5:";
          Domain=onion.sodahead.com; expires=Thu, 01-Jan-1970 00:00:00 GMT; Max-Age=0;
          Path=/', 'session="d751580928f9b48c059f91a75a650e3692d0cb28:{\"country\":
          \"US\"\054 \"state\": \"NY\"\054 \"postal_code\": \"13340\"}"; Domain=onion.sodahead.com;
          Path=/; secure', '_crmUserId="f64eed1b50bc4a7841af95a4c41cf246349b1151:78";
          Domain=onion.sodahead.com; Path=/']
    status: {code: 200, message: OK}
- request:
    body: answer_01=Intentionally+blank&answer_02=default+answer+2&title=collins+adventure&id=4860476&name=OWWEJXTVFQ
    headers:
      Accept: ['*/*']
      Accept-Encoding: ['gzip, deflate']
      Connection: [keep-alive]
      Content-Length: ['197']
      Content-Type: [application/x-www-form-urlencoded]
      User-Agent: [python-requests/2.9.1]
    method: POST
    uri: https://onion.sodahead.com/api/polls/4860476/
  response:
    body: {string: !!python/unicode '{"vote": null, "poll": {"endDate": null, "demo":
        {}, "image": null, "video": null, "numComments": 0, "category": {"url": "http:\/\/www.sodahead.com\/entertainment\/",
        "id": 5, "title": "Entertainment"}, "title": "collins adventure", "range":
        {}, "id": 4860476, "closed": false, "hideResults": false, "description": "",
        "tags": [], "answers": [{"title": "Intentionally blank", "color": null, "image":
        null, "video": null, "meta_text": null, "totalVotes": 0, "percentage": 0,
        "id": 12069062}, {"title": "default answer 2", "color": null, "image": null,
        "video": null, "meta_text": null, "totalVotes": 0, "percentage": 0, "id":
        12069064}], "slider": null, "sponsored": false, "modifiedDate": "2016-02-02
        20:06:06.340588", "creationDate": "2016-02-02 20:06:05", "geo": {}, "name":
        "OWWEJXTVFQ", "url": "http:\/\/www.sodahead.com\/entertainment\/collins-adventure\/question-4860476\/",
        "author": {"url": "http:\/\/www.sodahead.com\/user\/profile\/4172828\/test\/",
        "nickName": "TEST", "id": 4172828, "avatar": "http:\/\/images.sodahead.com\/profiles\/000000001\/profiles_1202SHAvatarFred_1028_226520_small.jpeg"},
        "hideResults_content": "", "editDate": "2016-02-02 20:06:06.340588", "activationDate":
        "2016-02-02 20:06:00", "totalVotes": 0}}'}
    headers:
      access-control-allow-headers: ['Authorization,Content-Type']
      access-control-allow-methods: ['POST, GET, PUT, DELETE, HEAD, OPTIONS']
      access-control-allow-origin: ['*']
      cache-control: ['no-cache, private, max-age=0']
      connection: [keep-alive]
      content-length: ['1236']
      content-type: [application/json; charset=utf-8]
      date: ['Tue, 02 Feb 2016 20:06:06 GMT']
      etag: ['"c4d4da6a667458338a4b33d80cb01dfe"']
      pragma: [no-cache]
      server: [openresty/1.5.8.1]
      set-cookie: ['demo="6941fb8484874663bf28ce8338df72595ae08811:{\"_city_region\":
          \"Frankfort\054NY\"\054 \"bf\": 0\054 \"dma\": 526}"; Domain=onion.sodahead.com;
          expires=Wed, 01-Feb-2017 20:06:06 GMT; Max-Age=31536000; Path=/', 'anonymousUserId="dda70eef99c92832d05889c93c48242e5ba00cd5:";
          Domain=onion.sodahead.com; expires=Thu, 01-Jan-1970 00:00:00 GMT; Max-Age=0;
          Path=/', 'session="d751580928f9b48c059f91a75a650e3692d0cb28:{\"country\":
          \"US\"\054 \"state\": \"NY\"\054 \"postal_code\": \"13340\"}"; Domain=onion.sodahead.com;
          Path=/; secure', '_crmUserId="f64eed1b50bc4a7841af95a4c41cf246349b1151:78";
          Domain=onion.sodahead.com; Path=/']
    status: {code: 200, message: OK}
- request:
    body: answer_01=Intentionally+blank&answer_02=default+answer+2&title=collins+adventure&id=4860476&name=OWWEJXTVFQ
    headers:
      Accept: ['*/*']
      Accept-Encoding: ['gzip, deflate']
      Connection: [keep-alive]
      Content-Length: ['197']
      Content-Type: [application/x-www-form-urlencoded]
      User-Agent: [python-requests/2.9.1]
    method: POST
    uri: https://onion.sodahead.com/api/polls/4860476/
  response:
    body: {string: !!python/unicode '{"vote": null, "poll": {"endDate": null, "demo":
        {}, "image": null, "video": null, "numComments": 0, "category": {"url": "http:\/\/www.sodahead.com\/entertainment\/",
        "id": 5, "title": "Entertainment"}, "title": "collins adventure", "range":
        {}, "id": 4860476, "closed": false, "hideResults": false, "description": "",
        "tags": [], "answers": [{"title": "Intentionally blank", "color": null, "image":
        null, "video": null, "meta_text": null, "totalVotes": 0, "percentage": 0,
        "id": 12069062}, {"title": "default answer 2", "color": null, "image": null,
        "video": null, "meta_text": null, "totalVotes": 0, "percentage": 0, "id":
        12069064}], "slider": null, "sponsored": false, "modifiedDate": "2016-02-02
        20:06:06", "creationDate": "2016-02-02 20:06:05", "geo": {}, "name": "OWWEJXTVFQ",
        "url": "http:\/\/www.sodahead.com\/entertainment\/collins-adventure\/question-4860476\/",
        "author": {"url": "http:\/\/www.sodahead.com\/user\/profile\/4172828\/test\/",
        "nickName": "TEST", "id": 4172828, "avatar": "http:\/\/images.sodahead.com\/profiles\/000000001\/profiles_1202SHAvatarFred_1028_226520_small.jpeg"},
        "hideResults_content": "", "editDate": "2016-02-02 20:06:06", "activationDate":
        "2016-02-02 20:06:00", "totalVotes": 0}}'}
    headers:
      access-control-allow-headers: ['Authorization,Content-Type']
      access-control-allow-methods: ['POST, GET, PUT, DELETE, HEAD, OPTIONS']
      access-control-allow-origin: ['*']
      cache-control: ['no-cache, private, max-age=0']
      connection: [keep-alive]
      content-length: ['1222']
      content-type: [application/json; charset=utf-8]
      date: ['Tue, 02 Feb 2016 20:06:06 GMT']
      etag: ['"3e5a3d3550b390cd35639836ffde5a9f"']
      pragma: [no-cache]
      server: [openresty/1.5.8.1]
      set-cookie: ['demo="6941fb8484874663bf28ce8338df72595ae08811:{\"_city_region\":
          \"Frankfort\054NY\"\054 \"bf\": 0\054 \"dma\": 526}"; Domain=onion.sodahead.com;
          expires=Wed, 01-Feb-2017 20:06:06 GMT; Max-Age=31536000; Path=/', 'anonymousUserId="dda70eef99c92832d05889c93c48242e5ba00cd5:";
          Domain=onion.sodahead.com; expires=Thu, 01-Jan-1970 00:00:00 GMT; Max-Age=0;
          Path=/', 'session="d751580928f9b48c059f91a75a650e3692d0cb28:{\"country\":
          \"US\"\054 \"state\": \"NY\"\054 \"postal_code\": \"13340\"}"; Domain=onion.sodahead.com;
          Path=/; secure', '_crmUserId="f64eed1b50bc4a7841af95a4c41cf246349b1151:78";
          Domain=onion.sodahead.com; Path=/']
    status: {code: 200, message: OK}
version: 1
